// Jest Snapshot v1, https://goo.gl/fbAQLP

exports[`NewEventForm matches snapshot 1`] = `
<DocumentFragment>
  <article
    class="new-event-form"
  >
    <input
      placeholder="calendar.calendarMenu.addEvent.addTitle"
      type="text"
    />
    <textarea
      placeholder="calendar.calendarMenu.addEvent.addNotes"
    />
    <label>
      calendar.calendarMenu.addEvent.from
      <input
        data-testid="from-date"
        type="datetime-local"
        value=""
      />
    </label>
    <label>
      calendar.calendarMenu.addEvent.to
      <input
        data-testid="to-date"
        type="datetime-local"
        value=""
      />
    </label>
    <div
      class="combobox"
    >
      <div
        class="combobox-header"
      >
        calendar.calendarMenu.addEvent.color
        <svg
          color="#000000"
          cursor="pointer"
          fill="currentColor"
          height="1em"
          stroke="currentColor"
          stroke-width="0"
          style="color: rgb(0, 0, 0);"
          viewBox="0 0 512 512"
          width="1em"
          xmlns="http://www.w3.org/2000/svg"
        >
          <path
            d="M48 256c0 114.9 93.1 208 208 208s208-93.1 208-208S370.9 48 256 48 48 141.1 48 256zm289.1-43.4c7.5-7.5 19.8-7.5 27.3 0 3.8 3.8 5.6 8.7 5.6 13.6s-1.9 9.9-5.7 13.7l-94.3 94c-7.6 6.9-19.3 6.7-26.6-.6l-95.7-95.4c-7.5-7.5-7.6-19.7 0-27.3 7.5-7.5 19.7-7.6 27.3 0l81.1 81.9 81-79.9z"
          />
        </svg>
      </div>
    </div>
  </article>
</DocumentFragment>
`;
