// Jest Snapshot v1, https://goo.gl/fbAQLP

exports[`NewTaskForm matches snapshot 1`] = `
<DocumentFragment>
  <form
    class="create-task-form"
  >
    <svg
      color="#000000"
      cursor="pointer"
      data-testid="create-task-button"
      fill="currentColor"
      height="1.5rem"
      stroke="currentColor"
      stroke-width="0"
      style="color: rgb(0, 0, 0);"
      viewBox="0 0 512 512"
      width="1.5rem"
      xmlns="http://www.w3.org/2000/svg"
    >
      <path
        d="M256 48C141.1 48 48 141.1 48 256s93.1 208 208 208 208-93.1 208-208S370.9 48 256 48zm90.5 224H272v74.5c0 8.8-7.2 16-16 16-4.4 0-8.4-1.8-11.3-4.7-2.9-2.9-4.7-6.9-4.7-11.3V272h-74.5c-4.4 0-8.4-1.8-11.3-4.7-2.9-2.9-4.7-6.9-4.7-11.3 0-8.8 7.2-16 16-16H240v-74.5c0-8.8 7.2-16 16-16s16 7.2 16 16V240h74.5c8.8 0 16 7.2 16 16s-7.2 16-16 16z"
      />
    </svg>
    <input
      placeholder="list.newTask"
      type="text"
    />
  </form>
</DocumentFragment>
`;
