// Jest Snapshot v1, https://goo.gl/fbAQLP

exports[`EditListModal matches snapshot 1`] = `
<DocumentFragment>
  <div
    class="backdrop"
  >
    <div
      class="edit-modal"
      data-testid="edit-modal"
    >
      <header
        class="edit-modal-header"
      >
        <button
          class="close-button"
        >
          <svg
            fill="currentColor"
            height=".7rem"
            stroke="currentColor"
            stroke-width="0"
            version="1.1"
            viewBox="0 0 16 16"
            width=".7rem"
            xmlns="http://www.w3.org/2000/svg"
          >
            <path
              d="M15.854 12.854c-0-0-0-0-0-0l-4.854-4.854 4.854-4.854c0-0 0-0 0-0 0.052-0.052 0.090-0.113 0.114-0.178 0.066-0.178 0.028-0.386-0.114-0.529l-2.293-2.293c-0.143-0.143-0.351-0.181-0.529-0.114-0.065 0.024-0.126 0.062-0.178 0.114 0 0-0 0-0 0l-4.854 4.854-4.854-4.854c-0-0-0-0-0-0-0.052-0.052-0.113-0.090-0.178-0.114-0.178-0.066-0.386-0.029-0.529 0.114l-2.293 2.293c-0.143 0.143-0.181 0.351-0.114 0.529 0.024 0.065 0.062 0.126 0.114 0.178 0 0 0 0 0 0l4.854 4.854-4.854 4.854c-0 0-0 0-0 0-0.052 0.052-0.090 0.113-0.114 0.178-0.066 0.178-0.029 0.386 0.114 0.529l2.293 2.293c0.143 0.143 0.351 0.181 0.529 0.114 0.065-0.024 0.126-0.062 0.178-0.114 0-0 0-0 0-0l4.854-4.854 4.854 4.854c0 0 0 0 0 0 0.052 0.052 0.113 0.090 0.178 0.114 0.178 0.066 0.386 0.029 0.529-0.114l2.293-2.293c0.143-0.143 0.181-0.351 0.114-0.529-0.024-0.065-0.062-0.126-0.114-0.178z"
            />
          </svg>
        </button>
      </header>
      <p />
      <section
        class="rename-section"
      >
        <button
          class="rename-button"
          data-testid="rename-button"
        >
          <svg
            fill="currentColor"
            height="1em"
            stroke="currentColor"
            stroke-width="0"
            viewBox="0 0 24 24"
            width="1em"
            xmlns="http://www.w3.org/2000/svg"
          >
            <path
              d="M0 0h24v24H0z"
              fill="none"
            />
            <path
              d="m15 16-4 4h10v-4zM12.06 7.19 3 16.25V20h3.75l9.06-9.06-3.75-3.75zM5.92 18H5v-.92l7.06-7.06.92.92L5.92 18zM18.71 8.04a.996.996 0 0 0 0-1.41l-2.34-2.34a1.001 1.001 0 0 0-1.41 0l-1.83 1.83 3.75 3.75 1.83-1.83z"
            />
          </svg>
          board.editColumnPanel.rename
        </button>
      </section>
      <button
        class="remove-button"
        data-testid="remove-button"
      >
        <svg
          color="#b13838"
          fill="currentColor"
          height="1em"
          stroke="currentColor"
          stroke-width="0"
          style="color: rgb(177, 56, 56);"
          viewBox="0 0 24 24"
          width="1em"
          xmlns="http://www.w3.org/2000/svg"
        >
          <path
            d="M4 8H20V21C20 21.5523 19.5523 22 19 22H5C4.44772 22 4 21.5523 4 21V8ZM7 5V3C7 2.44772 7.44772 2 8 2H16C16.5523 2 17 2.44772 17 3V5H22V7H2V5H7ZM9 4V5H15V4H9ZM9 12V18H11V12H9ZM13 12V18H15V12H13Z"
          />
        </svg>
        board.editColumnPanel.remove
      </button>
    </div>
  </div>
</DocumentFragment>
`;
