// Jest Snapshot v1, https://goo.gl/fbAQLP

exports[`LogoutInruptBtn matches snapshot 1`] = `
<DocumentFragment>
  <button
    class="logout-inrupt-button"
    data-testid="inrupt-logout-button"
  >
    home.logoutButton
  </button>
</DocumentFragment>
`;
