// Jest Snapshot v1, https://goo.gl/fbAQLP

exports[`Icon matches snapshot 1`] = `
<DocumentFragment>
  <img
    alt=""
    class="btn-icon"
    src=""
  />
</DocumentFragment>
`;
