// Jest Snapshot v1, https://goo.gl/fbAQLP

exports[`SearchBar matches snapshot 1`] = `
<DocumentFragment>
  <div
    class="search-bar-container"
  >
    <input
      placeholder="list.search"
      type="search"
    />
  </div>
</DocumentFragment>
`;
